// Jest Snapshot v1, https://goo.gl/fbAQLP

exports[`user auth routes should return a 401 when signed out and trying to view user 1`] = `
"<!DOCTYPE html>
<html lang=\\"en\\">
<head>
<meta charset=\\"utf-8\\">
<title>Error</title>
</head>
<body>
<pre>Error: You must be signed in to continue<br> &nbsp; &nbsp;at C:\\\\Users\\\\14055\\\\alchemy\\\\be-bark-base\\\\lib\\\\middleware\\\\authenticate.ts:9:24<br> &nbsp; &nbsp;at Generator.next (&lt;anonymous&gt;)<br> &nbsp; &nbsp;at C:\\\\Users\\\\14055\\\\alchemy\\\\be-bark-base\\\\lib\\\\middleware\\\\authenticate.ts:8:71<br> &nbsp; &nbsp;at new Promise (&lt;anonymous&gt;)<br> &nbsp; &nbsp;at Object.&lt;anonymous&gt;.__awaiter (C:\\\\Users\\\\14055\\\\alchemy\\\\be-bark-base\\\\lib\\\\middleware\\\\authenticate.ts:4:12)<br> &nbsp; &nbsp;at Object.&lt;anonymous&gt;.exports.default (C:\\\\Users\\\\14055\\\\alchemy\\\\be-bark-base\\\\lib\\\\middleware\\\\authenticate.ts:4:67)<br> &nbsp; &nbsp;at Layer.handle [as handle_request] (C:\\\\Users\\\\14055\\\\alchemy\\\\be-bark-base\\\\node_modules\\\\express\\\\lib\\\\router\\\\layer.js:95:5)<br> &nbsp; &nbsp;at next (C:\\\\Users\\\\14055\\\\alchemy\\\\be-bark-base\\\\node_modules\\\\express\\\\lib\\\\router\\\\route.js:137:13)<br> &nbsp; &nbsp;at Route.dispatch (C:\\\\Users\\\\14055\\\\alchemy\\\\be-bark-base\\\\node_modules\\\\express\\\\lib\\\\router\\\\route.js:112:3)<br> &nbsp; &nbsp;at Layer.handle [as handle_request] (C:\\\\Users\\\\14055\\\\alchemy\\\\be-bark-base\\\\node_modules\\\\express\\\\lib\\\\router\\\\layer.js:95:5)</pre>
</body>
</html>
"
`;
